// Vitest Snapshot v1, https://vitest.dev/guide/snapshot.html

exports[`NotFoundPage component > renders NotFoundPage component correctly 1`] = `undefined`;
