// Vitest Snapshot v1, https://vitest.dev/guide/snapshot.html

exports[`Icon component > renders Icon component correctly 1`] = `undefined`;
