// Vitest Snapshot v1, https://vitest.dev/guide/snapshot.html

exports[`Layout component > renders Layout component correctly 1`] = `undefined`;
