// Vitest Snapshot v1, https://vitest.dev/guide/snapshot.html

exports[`LoadingSpinner component > renders LoadingSpinner component correctly 1`] = `undefined`;
